[aquaterias.like-themes.com/index.html]
[backblue.gif]
[fade.gif]
[index.html]
[aquaterias.like-themes.com/comments/feed/index.html]
[aquaterias.like-themes.com/feed/index.html]
[aquaterias.like-themes.com/events/indexedf3.html]
[aquaterias.like-themes.com/wp-content/uploads/2017/12/heading-bg.png]
[aquaterias.like-themes.com/wp-content/uploads/2018/01/inner_slide_40percent.jpg]
[aquaterias.like-themes.com/wp-content/uploads/2017/12/go-top.png]
[aquaterias.like-themes.com/wp-includes/js/jquery/jqueryb8ff.js]
[aquaterias.like-themes.com/wp-includes/wlwmanifest.xml]
[aquaterias.like-themes.com/wp-json/index.html]
[aquaterias.like-themes.com/wp-json/oembed/1.0/embedf0cd.json]
[aquaterias.like-themes.com/wp-json/oembed/1.0/embed9613]
[aquaterias.like-themes.com/wp-content/uploads/2017/12/cropped-favicon-7-100x100.png]
[aquaterias.like-themes.com/wp-content/uploads/2017/12/cropped-favicon-7-300x300.png]
[aquaterias.like-themes.com/wp-content/uploads/2018/01/water_separatorb581.jpg]
[aquaterias.like-themes.com/wp-json/tribe/events/v1/index.html]
[aquaterias.like-themes.com/wp-content/uploads/2017/12/logo.png]
[aquaterias.like-themes.com/cart/index.html]
[aquaterias.like-themes.com/homepage-mineral-water/index.html]
[aquaterias.like-themes.com/homepage-natural-water/index.html]
[aquaterias.like-themes.com/about-us-aqua/index.html]
[aquaterias.like-themes.com/wp-content/uploads/2018/01/slider-dark-bottle.png]
[aquaterias.like-themes.com/testimonials/index.html]
[aquaterias.like-themes.com/wp-content/uploads/2017/12/video.png]
[aquaterias.like-themes.com/team/index.html]
[aquaterias.like-themes.com/wp-content/uploads/2018/01/icon-blue-1.png]
[aquaterias.like-themes.com/faq/index.html]
[aquaterias.like-themes.com/wp-content/uploads/2018/01/icon-blue-2.png]
[aquaterias.like-themes.com/shop/index.html]
[aquaterias.like-themes.com/wp-content/uploads/2018/01/icon-blue-3.png]
[aquaterias.like-themes.com/wp-content/uploads/2018/01/icon-blue-4.png]
[aquaterias.like-themes.com/my-account/index.html]
[aquaterias.like-themes.com/wp-content/uploads/2018/01/delivery-dark.png]
[aquaterias.like-themes.com/blog-one-column/index.html]
[aquaterias.like-themes.com/wp-content/uploads/2017/12/label-free.png]
[aquaterias.like-themes.com/blog-two-columns/index.html]
[aquaterias.like-themes.com/blog-three-columns/index.html]
[aquaterias.like-themes.com/wp-content/uploads/2018/01/bottle-dark-1.png]
[aquaterias.like-themes.com/gallery-2-columns/index.html]
[aquaterias.like-themes.com/gallery-3-columns/index.html]
[aquaterias.like-themes.com/wp-content/uploads/2018/01/bottle-dark-2.png]
[aquaterias.like-themes.com/gallery-4-columns/index.html]
[aquaterias.like-themes.com/wp-content/uploads/2018/01/bottle-dark-3.png]
[aquaterias.like-themes.com/contacts/index.html]
[aquaterias.like-themes.com/wp-content/uploads/2018/01/w8-100x100.jpg]
[aquaterias.like-themes.com/wp-content/uploads/2018/01/m2-100x100.jpg]
[aquaterias.like-themes.com/headers/index.html]
[aquaterias.like-themes.com/wp-content/uploads/2018/01/m1-100x100.jpg]
[aquaterias.like-themes.com/text/index.html]
[aquaterias.like-themes.com/table/index.html]
[aquaterias.like-themes.com/text_columns/index.html]
[aquaterias.like-themes.com/wp-content/uploads/2018/01/w7-100x100.jpg]
[aquaterias.like-themes.com/separators/index.html]
[aquaterias.like-themes.com/wp-content/uploads/2017/09/blog01-494x348.jpg]
[aquaterias.like-themes.com/buttons/index.html]
[aquaterias.like-themes.com/forms/index.html]
[aquaterias.like-themes.com/wp-content/uploads/2017/09/blog02-494x348.jpg]
[aquaterias.like-themes.com/accordions/index.html]
[aquaterias.like-themes.com/wp-content/uploads/2017/09/blog03-494x348.jpg]
[aquaterias.like-themes.com/wp-content/cache/autoptimize/js/autoptimize_6419078bfc619d63b9c403096929ba4e.js]
[aquaterias.like-themes.com/alert/index.html]
[aquaterias.like-themes.com/index.html]
[aquaterias.like-themes.com/tabs/index.html]
[aquaterias.like-themes.com/shortcodes/index.html]
[aquaterias.like-themes.com/xmlrpc.html]
[aquaterias.like-themes.com/icons-page/index.html]
[aquaterias.like-themes.com/list/index.html]
[aquaterias.like-themes.com/wp-content/plugins/contact-form-7/images/ajax-loader.gif]
[aquaterias.like-themes.com/whats-in-your-water/index.html]
[aquaterias.like-themes.com/wp-content/plugins/woocommerce/assets/fonts/star.eot]
[aquaterias.like-themes.com/why-do-we-need-to-drink-water/index.html]
[aquaterias.like-themes.com/drinking-water-may-help-to-prevent-and-treat-headaches/index.html]
[aquaterias.like-themes.com/wp-content/themes/aquaterias/assets/images/swipebox/loader.gif]
[aquaterias.like-themes.com/wp-content/plugins/js_composer/assets/vc/alert.png]
[aquaterias.like-themes.com/wp-content/plugins/unyson/framework/static/libs/linecons/fonts/linecons.eot]
[aquaterias.like-themes.com/wp-content/plugins/unyson/framework/static/libs/font-awesome/fonts/fontawesome-webfont3e6e.eot]
[aquaterias.like-themes.com/wp-content/plugins/unyson/framework/static/libs/entypo/fonts/entypo.eot]
[aquaterias.like-themes.com/wp-content/plugins/unyson/framework/static/libs/typcn/fonts/typicons.eot]
[aquaterias.like-themes.com/wp-content/plugins/unyson/framework/static/libs/unycon/fonts/Unyconfda5.eot]
[aquaterias.like-themes.com/wp-content/cache/autoptimize/css/autoptimize_8d6bfa676b4b004306924c006cb21bb0.css]
[aquaterias.like-themes.com/wp-content/cache/autoptimize/css/autoptimize_dcb2de333eec7ab4ae31385ed8d6a393.css]
[aquaterias.like-themes.com/wp-includes/fonts/dashicons.eot]
[aquaterias.like-themes.com/wp-includes/css/dashicons.min34b1.css]
[aquaterias.like-themes.com/xmlrpc0db0.html]
[aquaterias.like-themes.com/wp-json/oembed/1.0/embedc90a.json]
[aquaterias.like-themes.com/wp-json/oembed/1.0/embeda30d]
[aquaterias.like-themes.com/wp-content/cache/autoptimize/js/autoptimize_5a6bb1d83807143c3c499ea27d53b2fe.js]
[aquaterias.like-themes.com/cart/index.html]
[aquaterias.like-themes.com/wp-json/oembed/1.0/embedea08.json]
[aquaterias.like-themes.com/wp-json/oembed/1.0/embed8c18]
[aquaterias.like-themes.com/wp-content/uploads/2017/12/video_bga583.png]
[aquaterias.like-themes.com/wp-content/uploads/2017/12/water.png]
[aquaterias.like-themes.com/wp-content/uploads/2017/12/mineral-glass-square.png]
[aquaterias.like-themes.com/wp-content/uploads/2017/12/mineral-elements-2.png]
[aquaterias.like-themes.com/wp-content/uploads/2017/09/5-300x300.jpg]
[aquaterias.like-themes.com/product/water-set/index.html]
[aquaterias.like-themes.com/wp-content/uploads/2017/09/7-300x300.jpg]
[aquaterias.like-themes.com/product/lemonmineral/index.html]
[aquaterias.like-themes.com/wp-content/uploads/2017/09/8-300x300.jpg]
[aquaterias.like-themes.com/homepage-mineral-water/index5414.html]
[aquaterias.like-themes.com/wp-content/uploads/2017/09/3-300x300.jpg]
[aquaterias.like-themes.com/product/american-black-coffee/index.html]
[aquaterias.like-themes.com/wp-content/uploads/2017/12/man.png]
[aquaterias.like-themes.com/homepage-mineral-water/index455b.html]
[aquaterias.like-themes.com/wp-content/uploads/2017/12/microscope.png]
[aquaterias.like-themes.com/product/drop-of-water-mineral/index.html]
[aquaterias.like-themes.com/wp-content/uploads/2017/12/flasks.png]
[aquaterias.like-themes.com/homepage-mineral-water/indexf51e.html]
[aquaterias.like-themes.com/wp-content/uploads/2017/12/air-filte.png]
[aquaterias.like-themes.com/wp-content/uploads/2017/12/diploma.png]
[aquaterias.like-themes.com/homepage-mineral-water/index.html]
[aquaterias.like-themes.com/wp-json/oembed/1.0/embed7953.json]
[aquaterias.like-themes.com/wp-json/oembed/1.0/embed872e]
[aquaterias.like-themes.com/wp-content/uploads/2018/01/home-2-bg1311.png]
[aquaterias.like-themes.com/wp-content/uploads/2018/01/logo-light.png]
[aquaterias.like-themes.com/wp-content/uploads/2018/01/slider-2-image.png]
[aquaterias.like-themes.com/wp-content/uploads/2018/01/mineral-elements-gray-2.png]
[aquaterias.like-themes.com/homepage-natural-water/index.html]
[aquaterias.like-themes.com/wp-json/oembed/1.0/embed7481.json]
[aquaterias.like-themes.com/wp-json/oembed/1.0/embede836]
[aquaterias.like-themes.com/wp-content/uploads/2017/09/blog16.jpg]
[aquaterias.like-themes.com/wp-content/uploads/2018/01/logo1.png]
[aquaterias.like-themes.com/wp-content/uploads/2018/01/Untitled-1.png]
[aquaterias.like-themes.com/wp-content/uploads/2018/01/logo3.png]
[aquaterias.like-themes.com/wp-content/uploads/2018/01/logo4.png]
[aquaterias.like-themes.com/wp-content/uploads/2018/01/logo5.png]
[aquaterias.like-themes.com/wp-content/uploads/2018/01/logo6.png]
[aquaterias.like-themes.com/wp-content/cache/autoptimize/js/autoptimize_b4a0a7928191e30e1d6c5997c5cda228.js]
[aquaterias.like-themes.com/about-us-aqua/index.html]
[aquaterias.like-themes.com/wp-json/oembed/1.0/embed50ac.json]
[aquaterias.like-themes.com/wp-json/oembed/1.0/embedd8e8]
[aquaterias.like-themes.com/wp-content/uploads/2018/01/w3-100x100.jpg]
[aquaterias.like-themes.com/wp-content/uploads/2018/01/w2-100x100.jpg]
[aquaterias.like-themes.com/wp-content/uploads/2018/01/w4-100x100.jpg]
[aquaterias.like-themes.com/wp-content/uploads/2018/01/w1-100x100.jpg]
[aquaterias.like-themes.com/wp-content/cache/autoptimize/js/autoptimize_cd061bbf3a493251200fb7daf120106e.js]
[aquaterias.like-themes.com/testimonials/index.html]
[aquaterias.like-themes.com/testimonials/page/2/index.html]
[aquaterias.like-themes.com/wp-json/oembed/1.0/embed8750.json]
[aquaterias.like-themes.com/wp-json/oembed/1.0/embedcaee]
[aquaterias.like-themes.com/wp-content/uploads/2018/01/m2.jpg]
[aquaterias.like-themes.com/team/john-richards/index.html]
[aquaterias.like-themes.com/wp-content/uploads/2018/01/w8.jpg]
[aquaterias.like-themes.com/team/kelley-miles/index.html]
[aquaterias.like-themes.com/wp-content/uploads/2018/01/m1.jpg]
[aquaterias.like-themes.com/team/sherman-warner/index.html]
[aquaterias.like-themes.com/wp-content/uploads/2018/01/w7.jpg]
[aquaterias.like-themes.com/team/denis-green/index.html]
[aquaterias.like-themes.com/wp-content/uploads/2018/01/w4.jpg]
[aquaterias.like-themes.com/team/index.html]
[aquaterias.like-themes.com/team/antony-taylor/index.html]
[aquaterias.like-themes.com/team/francis-habbant/index.html]
[aquaterias.like-themes.com/team/marta-ferrari/index.html]
[aquaterias.like-themes.com/wp-json/oembed/1.0/embedab19.json]
[aquaterias.like-themes.com/wp-json/oembed/1.0/embed0b1d]
[aquaterias.like-themes.com/wp-content/cache/autoptimize/js/autoptimize_fce8ca02ed8dc501b1130b6692a133bf.js]
[aquaterias.like-themes.com/faq/index.html]
[aquaterias.like-themes.com/wp-content/uploads/2017/09/2-300x300.jpg]
[aquaterias.like-themes.com/faq/page/2/index.html]
[aquaterias.like-themes.com/shop/feed/index.html]
[aquaterias.like-themes.com/wp-content/uploads/2017/09/6-300x300.jpg]
[aquaterias.like-themes.com/wp-content/uploads/2017/09/4-300x300.jpg]
[aquaterias.like-themes.com/product/bottled-lemon-water/index.html]
[aquaterias.like-themes.com/wp-content/uploads/2017/09/1-300x300.jpg]
[aquaterias.like-themes.com/shop/index8811.html]
[aquaterias.like-themes.com/wp-content/cache/autoptimize/js/autoptimize_442dcefac655aad092c5a8f9c8763a64.js]
[aquaterias.like-themes.com/product/bottled-sparkling-water/index.html]
[aquaterias.like-themes.com/shop/index.html]
[aquaterias.like-themes.com/shop/indexc45b.html]
[aquaterias.like-themes.com/product/bottled-water/index.html]
[aquaterias.like-themes.com/checkout/index.html]
[aquaterias.like-themes.com/shop/indexe99e.html]
[aquaterias.like-themes.com/shop/indexf51e.html]
[aquaterias.like-themes.com/shop/index5414.html]
[aquaterias.like-themes.com/wp-json/oembed/1.0/embedd248.json]
[aquaterias.like-themes.com/product/sea-breeze/index.html]
[aquaterias.like-themes.com/wp-json/oembed/1.0/embed56e5]
[aquaterias.like-themes.com/shop/index9017.html]
[aquaterias.like-themes.com/wp-content/cache/autoptimize/js/autoptimize_87a5bec159ab3e3c0ca4cec9797ab10e.js]
[aquaterias.like-themes.com/my-account/index.html]
[aquaterias.like-themes.com/shop/index455b.html]
[aquaterias.like-themes.com/product-category/uncategorized/index.html]
[aquaterias.like-themes.com/product-category/water/index.html]
[aquaterias.like-themes.com/wp-json/oembed/1.0/embed5536.json]
[aquaterias.like-themes.com/product-tag/lemon/index.html]
[aquaterias.like-themes.com/wp-json/oembed/1.0/embed07c6]
[aquaterias.like-themes.com/product-tag/mineral/index.html]
[aquaterias.like-themes.com/wp-content/uploads/2017/09/blog01-1150x600.jpg]
[aquaterias.like-themes.com/product-tag/pack/index.html]
[aquaterias.like-themes.com/wp-content/uploads/2017/09/blog02-1150x600.jpg]
[aquaterias.like-themes.com/product-tag/soda/index.html]
[aquaterias.like-themes.com/wp-content/uploads/2017/09/blog03-1150x600.jpg]
[aquaterias.like-themes.com/product-tag/water/index.html]
[aquaterias.like-themes.com/wp-content/uploads/2017/09/blog14-1150x600.jpg]
[aquaterias.like-themes.com/wp-content/uploads/2017/09/blog04-1150x600.jpg]
[aquaterias.like-themes.com/wp-content/uploads/2017/09/blog13-1150x600.jpg]
[aquaterias.like-themes.com/my-account/lost-password/index.html]
[aquaterias.like-themes.com/wp-content/uploads/2017/09/blog05-1150x600.jpg]
[aquaterias.like-themes.com/how-much-water-should-we-drink/index.html]
[aquaterias.like-themes.com/wp-content/uploads/2017/09/blog16-1150x600.jpg]
[aquaterias.like-themes.com/fast-facts-on-drinking-water/index.html]
[aquaterias.like-themes.com/carbonated-sparkling-water-good-or-bad/index.html]
[aquaterias.like-themes.com/wp-content/uploads/2017/09/blog06-1150x600.jpg]
[aquaterias.like-themes.com/wp-content/uploads/2017/09/blog08-1150x600.jpg]
[aquaterias.like-themes.com/how-drinking-more-water-can-help-you-lose-weight/index.html]
[aquaterias.like-themes.com/blog-one-column/index.html]
[aquaterias.like-themes.com/how-many-bathrooms-are-in-your-home/index.html]
[aquaterias.like-themes.com/did-you-know-water-covers-71-of-the-earth/index.html]
[aquaterias.like-themes.com/wp-json/oembed/1.0/embedf344.json]
[aquaterias.like-themes.com/effects-on-other-organs/index.html]
[aquaterias.like-themes.com/wp-json/oembed/1.0/embed788b]
[aquaterias.like-themes.com/category/delivery/index.html]
[aquaterias.like-themes.com/wp-content/uploads/2017/09/blog01-1150x810.jpg]
[aquaterias.like-themes.com/category/health/index.html]
[aquaterias.like-themes.com/category/water/index.html]
[aquaterias.like-themes.com/wp-content/uploads/2017/09/blog02-1150x810.jpg]
[aquaterias.like-themes.com/2017/09/index.html]
[aquaterias.like-themes.com/wp-content/uploads/2017/09/blog03-1150x810.jpg]
[aquaterias.like-themes.com/2017/08/index.html]
[aquaterias.like-themes.com/wp-content/uploads/2017/09/blog14-1150x810.jpg]
[aquaterias.like-themes.com/wp-content/uploads/2017/09/blog04-1150x810.jpg]
[aquaterias.like-themes.com/wp-content/uploads/2017/09/blog13-1150x810.jpg]
[aquaterias.like-themes.com/wp-content/uploads/2017/09/blog05-1150x810.jpg]
[aquaterias.like-themes.com/wp-content/uploads/2017/09/blog16-1150x810.jpg]
[aquaterias.like-themes.com/wp-content/uploads/2017/09/blog06-1150x810.jpg]
[aquaterias.like-themes.com/wp-content/uploads/2017/09/blog08-1150x810.jpg]
[aquaterias.like-themes.com/blog-two-columns/index.html]
[aquaterias.like-themes.com/wp-json/oembed/1.0/embedde88.json]
[aquaterias.like-themes.com/wp-json/oembed/1.0/embedd83f]
[aquaterias.like-themes.com/blog-three-columns/index.html]
[aquaterias.like-themes.com/wp-json/oembed/1.0/embededd4.json]
[aquaterias.like-themes.com/wp-json/oembed/1.0/embedec82]
[aquaterias.like-themes.com/wp-content/uploads/2017/09/blog11-755x500.8b.delayed]
[aquaterias.like-themes.com/gallery/whats-in-your-water/index.html]
[aquaterias.like-themes.com/wp-content/uploads/2017/09/blog13-755x500.jpg]
[aquaterias.like-themes.com/gallery/how-many-bathrooms-are-in-your-home/index.html]
[aquaterias.like-themes.com/wp-content/uploads/2017/09/blog03-755x500.jpg]
[aquaterias.like-themes.com/wp-content/uploads/2017/09/blog07-755x500.jpg]
[aquaterias.like-themes.com/gallery/how-drinking-more-water-can-help-you-lose-weight/index.html]
[aquaterias.like-themes.com/gallery/carbonated-sparkling-water-good-or-bad/index.html]
[aquaterias.like-themes.com/wp-content/uploads/2017/09/blog15-755x500.jpg]
[aquaterias.like-themes.com/gallery/fast-facts-on-drinking-water/index.html]
[aquaterias.like-themes.com/wp-content/uploads/2017/09/blog08-755x500.jpg]
[aquaterias.like-themes.com/wp-content/uploads/2017/09/blog16-755x500.jpg]
[aquaterias.like-themes.com/gallery/how-much-water-should-we-drink/index.html]
[aquaterias.like-themes.com/gallery-2-columns/index.html]
[aquaterias.like-themes.com/gallery/why-do-we-need-to-drink-water/index.html]
[aquaterias.like-themes.com/wp-json/oembed/1.0/embedf654.json]
[aquaterias.like-themes.com/wp-json/oembed/1.0/embed08ec]
[aquaterias.like-themes.com/gallery-3-columns/index.html]
[aquaterias.like-themes.com/wp-json/oembed/1.0/embedc0c2.json]
[aquaterias.like-themes.com/wp-json/oembed/1.0/embed3b04]
[aquaterias.like-themes.com/gallery-4-columns/index.html]
[aquaterias.like-themes.com/wp-json/oembed/1.0/embedee27.json]
[aquaterias.like-themes.com/wp-json/oembed/1.0/embedb241]
[aquaterias.like-themes.com/wp-content/cache/autoptimize/js/autoptimize_d0958a1d788e299e53015ca7e73c4c98.js]
[aquaterias.like-themes.com/contacts/index.html]
[aquaterias.like-themes.com/wp-json/oembed/1.0/embed9c1d.json]
[aquaterias.like-themes.com/wp-json/oembed/1.0/embed33e2]
[aquaterias.like-themes.com/headers/index.html]
[aquaterias.like-themes.com/wp-json/oembed/1.0/embede640.json]
[aquaterias.like-themes.com/wp-json/oembed/1.0/embed6395]
[aquaterias.like-themes.com/text/index.html]
[aquaterias.like-themes.com/wp-json/oembed/1.0/embedb0b6.json]
[aquaterias.like-themes.com/wp-json/oembed/1.0/embedc8ff]
[aquaterias.like-themes.com/text_columns/index.html]
[aquaterias.like-themes.com/wp-json/oembed/1.0/embed3840.json]
[aquaterias.like-themes.com/wp-json/oembed/1.0/embedfbb7]
[aquaterias.like-themes.com/table/index.html]
[aquaterias.like-themes.com/wp-json/oembed/1.0/embed2110.json]
[aquaterias.like-themes.com/wp-json/oembed/1.0/embed1802]
[aquaterias.like-themes.com/separators/index.html]
[aquaterias.like-themes.com/wp-json/oembed/1.0/embed43f7.json]
[aquaterias.like-themes.com/wp-json/oembed/1.0/embedc053]
[aquaterias.like-themes.com/buttons/index.html]
[aquaterias.like-themes.com/wp-json/oembed/1.0/embed7569.json]
[aquaterias.like-themes.com/wp-json/oembed/1.0/embed316d]
[aquaterias.like-themes.com/forms/index.html]
[aquaterias.like-themes.com/wp-json/oembed/1.0/embedfeda.json]
[aquaterias.like-themes.com/wp-json/oembed/1.0/embed3b9e]
[aquaterias.like-themes.com/wp-content/cache/autoptimize/js/autoptimize_53f81ccfe5c59a2520c3a955d42c1358.js]
[aquaterias.like-themes.com/accordions/index.html]
[aquaterias.like-themes.com/wp-json/oembed/1.0/embedf274.json]
[aquaterias.like-themes.com/wp-json/oembed/1.0/embede047]
[aquaterias.like-themes.com/alert/index.html]
[aquaterias.like-themes.com/wp-json/oembed/1.0/embed827c.json]
[aquaterias.like-themes.com/wp-json/oembed/1.0/embedc7e4]
[aquaterias.like-themes.com/wp-content/cache/autoptimize/js/autoptimize_16284b472b8cdef943ecb0ef91e4ff4a.js]
[aquaterias.like-themes.com/tabs/index.html]
[aquaterias.like-themes.com/wp-json/oembed/1.0/embeddc25.json]
[aquaterias.like-themes.com/wp-json/oembed/1.0/embed9851]
[aquaterias.like-themes.com/wp-content/cache/autoptimize/js/autoptimize_f9cfe3a7322d3905f74a36b2749eee1f.js]
[aquaterias.like-themes.com/shortcodes/index.html]
[aquaterias.like-themes.com/wp-json/oembed/1.0/embedf94f.json]
[aquaterias.like-themes.com/wp-json/oembed/1.0/embed8633]
[aquaterias.like-themes.com/icons-page/index.html]
[aquaterias.like-themes.com/wp-json/oembed/1.0/embedb670.json]
[aquaterias.like-themes.com/wp-json/oembed/1.0/embed8dc1]
[aquaterias.like-themes.com/list/index.html]
[aquaterias.like-themes.com/404-page.html]
[aquaterias.like-themes.com/wp-json/oembed/1.0/embede2df.json]
[aquaterias.like-themes.com/whats-in-your-water/feed/index.html]
[aquaterias.like-themes.com/wp-json/oembed/1.0/embedcbf5]
[aquaterias.like-themes.com/wp-content/cache/autoptimize/js/autoptimize_4a1ab580d4616f0e94893909ccc1e9f4.js]
[aquaterias.like-themes.com/whats-in-your-water/index.html]
[aquaterias.like-themes.com/tag/drink/index.html]
[aquaterias.like-themes.com/tag/facts/index.html]
[aquaterias.like-themes.com/tag/help/index.html]
[aquaterias.like-themes.com/wp-json/oembed/1.0/embed3c49.json]
[aquaterias.like-themes.com/tag/soda/index.html]
[aquaterias.like-themes.com/wp-json/oembed/1.0/embed3364]
[aquaterias.like-themes.com/why-do-we-need-to-drink-water/index.html]
[aquaterias.like-themes.com/tag/water/index.html]
[aquaterias.like-themes.com/tag/weight/index.html]
[aquaterias.like-themes.com/why-do-we-need-to-drink-water/feed/index.html]
[aquaterias.like-themes.com/wp-json/oembed/1.0/embed2790.json]
[aquaterias.like-themes.com/wp-json/oembed/1.0/embedc633]
[aquaterias.like-themes.com/drinking-water-may-help-to-prevent-and-treat-headaches/index.html]
[aquaterias.like-themes.com/wp-content/themes/aquaterias/assets/fonts/glyphicons-halflings-regular.html]
[aquaterias.like-themes.com/wp-content/themes/images/__hr-content.html]
[aquaterias.like-themes.com/drinking-water-may-help-to-prevent-and-treat-headaches/feed/index.html]
[aquaterias.like-themes.com/wp-content/cache/autoptimize/css/autoptimize_31e76bef3c0162d08668b6e77bd99215.css]
[aquaterias.like-themes.com/index2f7a.html]
[aquaterias.like-themes.com/index7169.html]
[aquaterias.like-themes.com/wp-json/oembed/1.0/embed56ff.json]
[aquaterias.like-themes.com/product/water-set/feed/index.html]
[aquaterias.like-themes.com/wp-json/oembed/1.0/embedeb47]
[aquaterias.like-themes.com/wp-content/uploads/2017/09/5.jpg]
[aquaterias.like-themes.com/wp-content/uploads/2017/09/5-600x600.jpg]
[aquaterias.like-themes.com/wp-content/cache/autoptimize/js/autoptimize_4035435b3f25c0f2c41b2c8b07e8567e.js]
[aquaterias.like-themes.com/product/water-set/index.html]
[aquaterias.like-themes.com/product/water-set/indexf51e.html]
[aquaterias.like-themes.com/product/water-set/index8811.html]
[aquaterias.like-themes.com/product/water-set/index455b.html]
[aquaterias.like-themes.com/wp-json/oembed/1.0/embed433f.json]
[aquaterias.like-themes.com/product/lemonmineral/feed/index.html]
[aquaterias.like-themes.com/wp-json/oembed/1.0/embedc09e]
[aquaterias.like-themes.com/wp-content/uploads/2017/09/7.jpg]
[aquaterias.like-themes.com/wp-content/uploads/2017/09/7-600x600.jpg]
[aquaterias.like-themes.com/wp-content/cache/autoptimize/js/autoptimize_859a6c2483f9d3d2b1ab01331914e2a2.js]
[aquaterias.like-themes.com/product/lemonmineral/index.html]
[aquaterias.like-themes.com/product/lemonmineral/index8811.html]
[aquaterias.like-themes.com/product/lemonmineral/index455b.html]
[aquaterias.like-themes.com/homepage-mineral-water/index5414.html]
[aquaterias.like-themes.com/wp-json/oembed/1.0/embeda868.json]
[aquaterias.like-themes.com/product/american-black-coffee/feed/index.html]
[aquaterias.like-themes.com/wp-json/oembed/1.0/embed3144]
[aquaterias.like-themes.com/wp-content/uploads/2017/09/8.jpg]
[aquaterias.like-themes.com/wp-content/uploads/2017/09/8-600x600.jpg]
[aquaterias.like-themes.com/product/american-black-coffee/index.html]
[aquaterias.like-themes.com/homepage-mineral-water/index455b.html]
[aquaterias.like-themes.com/product/american-black-coffee/indexc45b.html]
[aquaterias.like-themes.com/product/american-black-coffee/indexe99e.html]
[aquaterias.like-themes.com/product/american-black-coffee/indexf51e.html]
[aquaterias.like-themes.com/wp-json/oembed/1.0/embede084.json]
[aquaterias.like-themes.com/product/drop-of-water-mineral/feed/index.html]
[aquaterias.like-themes.com/wp-json/oembed/1.0/embedd5c3]
[aquaterias.like-themes.com/wp-content/uploads/2017/09/3.jpg]
[aquaterias.like-themes.com/wp-content/uploads/2017/09/3-600x600.jpg]
[aquaterias.like-themes.com/product/drop-of-water-mineral/index.html]
[aquaterias.like-themes.com/product/drop-of-water-mineral/index8811.html]
[aquaterias.like-themes.com/homepage-mineral-water/indexf51e.html]
[aquaterias.like-themes.com/product/drop-of-water-mineral/indexe99e.html]
[aquaterias.like-themes.com/index3765.html]
[aquaterias.like-themes.com/wp-content/cache/autoptimize/css/autoptimize_ea440c2012c75180824c09896c335ea8.css]
[aquaterias.like-themes.com/indexbb5b.html]
[aquaterias.like-themes.com/wp-content/cache/autoptimize/css/autoptimize_b9aac045fae4f47015282d151fd6b178.css]
[aquaterias.like-themes.com/index40a0.html]
[aquaterias.like-themes.com/testimonials/page/2/index.html]
[aquaterias.like-themes.com/indexb45d.html]
[aquaterias.like-themes.com/wp-json/oembed/1.0/embedfa17.json]
[aquaterias.like-themes.com/wp-json/oembed/1.0/embed5858]
[aquaterias.like-themes.com/wp-content/cache/autoptimize/js/autoptimize_9525d9cc8c080e157a6dec50c097f47f.js]
[aquaterias.like-themes.com/team/john-richards/index.html]
[aquaterias.like-themes.com/wp-json/oembed/1.0/embed1663.json]
[aquaterias.like-themes.com/wp-json/oembed/1.0/embed19b8]
[aquaterias.like-themes.com/team/kelley-miles/index.html]
[aquaterias.like-themes.com/wp-json/oembed/1.0/embed71f9.json]
[aquaterias.like-themes.com/wp-json/oembed/1.0/embed63cc]
[aquaterias.like-themes.com/team/sherman-warner/index.html]
[aquaterias.like-themes.com/wp-json/oembed/1.0/embed715d.json]
[aquaterias.like-themes.com/wp-json/oembed/1.0/embed2b93]
[aquaterias.like-themes.com/team/denis-green/index.html]
[aquaterias.like-themes.com/wp-json/oembed/1.0/embeda436.json]
[aquaterias.like-themes.com/wp-json/oembed/1.0/embed62fe]
[aquaterias.like-themes.com/team/antony-taylor/index.html]
[aquaterias.like-themes.com/wp-json/oembed/1.0/embed230b.json]
[aquaterias.like-themes.com/wp-json/oembed/1.0/embedbe76]
[aquaterias.like-themes.com/team/francis-habbant/index.html]
[aquaterias.like-themes.com/wp-json/oembed/1.0/embed0781.json]
[aquaterias.like-themes.com/wp-json/oembed/1.0/embed5e71]
[aquaterias.like-themes.com/team/marta-ferrari/index.html]
[aquaterias.like-themes.com/wp-content/cache/autoptimize/css/autoptimize_06894f159896f37bd17f6a67ec944dd8.css]
[aquaterias.like-themes.com/index2a5c.html]
[aquaterias.like-themes.com/faq/page/2/index.html]
[aquaterias.like-themes.com/product/bottled-lemon-water/feed/index.html]
[aquaterias.like-themes.com/wp-json/oembed/1.0/embed4d92.json]
[aquaterias.like-themes.com/wp-json/oembed/1.0/embed3f77]
[aquaterias.like-themes.com/wp-content/uploads/2017/09/2.jpg]
[aquaterias.like-themes.com/wp-content/uploads/2017/09/2-600x600.jpg]
[aquaterias.like-themes.com/product/bottled-lemon-water/index.html]
[aquaterias.like-themes.com/shop/index8811.html]
[aquaterias.like-themes.com/product/bottled-lemon-water/index5414.html]
[aquaterias.like-themes.com/product/bottled-lemon-water/indexc45b.html]
[aquaterias.like-themes.com/product/bottled-sparkling-water/feed/index.html]
[aquaterias.like-themes.com/wp-json/oembed/1.0/embed2ada.json]
[aquaterias.like-themes.com/wp-json/oembed/1.0/embed4c5a]
[aquaterias.like-themes.com/wp-content/uploads/2017/09/6.jpg]
[aquaterias.like-themes.com/wp-content/uploads/2017/09/6-600x600.jpg]
[aquaterias.like-themes.com/product/bottled-sparkling-water/index.html]
[aquaterias.like-themes.com/product/bottled-sparkling-water/indexf51e.html]
[aquaterias.like-themes.com/shop/indexc45b.html]
[aquaterias.like-themes.com/product/bottled-sparkling-water/index8811.html]
[aquaterias.like-themes.com/product/bottled-water/feed/index.html]
[aquaterias.like-themes.com/wp-json/oembed/1.0/embed033a.json]
[aquaterias.like-themes.com/wp-json/oembed/1.0/embed82bf]
[aquaterias.like-themes.com/wp-content/uploads/2017/09/4.jpg]
[aquaterias.like-themes.com/wp-content/uploads/2017/09/4-600x600.jpg]
[aquaterias.like-themes.com/product/bottled-water/index.html]
[aquaterias.like-themes.com/product/bottled-water/index5414.html]
[aquaterias.like-themes.com/shop/indexe99e.html]
[aquaterias.like-themes.com/product/bottled-water/indexf51e.html]
[aquaterias.like-themes.com/shop/indexf51e.html]
[aquaterias.like-themes.com/shop/index5414.html]
[aquaterias.like-themes.com/product/sea-breeze/feed/index.html]
[aquaterias.like-themes.com/wp-json/oembed/1.0/embed6803.json]
[aquaterias.like-themes.com/wp-json/oembed/1.0/embedd726]
[aquaterias.like-themes.com/wp-content/uploads/2017/09/1.jpg]
[aquaterias.like-themes.com/wp-content/uploads/2017/09/1-600x600.jpg]
[aquaterias.like-themes.com/product/sea-breeze/index.html]
[aquaterias.like-themes.com/product/sea-breeze/index455b.html]
[aquaterias.like-themes.com/shop/index9017.html]
[aquaterias.like-themes.com/product/sea-breeze/index8811.html]
[aquaterias.like-themes.com/product/sea-breeze/indexe99e.html]
[aquaterias.like-themes.com/shop/index455b.html]
[aquaterias.like-themes.com/product-category/uncategorized/index.html]
[aquaterias.like-themes.com/product-category/uncategorized/feed/index.html]
[aquaterias.like-themes.com/product-category/water/index.html]
[aquaterias.like-themes.com/product-category/water/feed/index.html]
[aquaterias.like-themes.com/product-tag/lemon/index.html]
[aquaterias.like-themes.com/product-category/water/index8811.html]
[aquaterias.like-themes.com/product-tag/mineral/index.html]
[aquaterias.like-themes.com/product-category/water/indexc45b.html]
[aquaterias.like-themes.com/product-category/water/indexe99e.html]
[aquaterias.like-themes.com/product-tag/pack/index.html]
[aquaterias.like-themes.com/product-category/water/indexf51e.html]
[aquaterias.like-themes.com/product-category/water/index5414.html]
[aquaterias.like-themes.com/product-tag/soda/index.html]
[aquaterias.like-themes.com/product-category/water/index9017.html]
[aquaterias.like-themes.com/product-tag/water/index.html]
[aquaterias.like-themes.com/product-category/water/index455b.html]
[aquaterias.like-themes.com/product-tag/lemon/feed/index.html]
[aquaterias.like-themes.com/index5c49.html]
[aquaterias.like-themes.com/product-tag/lemon/index8811.html]
[aquaterias.like-themes.com/product-tag/lemon/index5414.html]
[aquaterias.like-themes.com/product-tag/mineral/feed/index.html]
[aquaterias.like-themes.com/product-tag/mineral/index5414.html]
[aquaterias.like-themes.com/wp-content/cache/autoptimize/js/autoptimize_b6589a5fc13c4585e148d917748ea1a2.js]
[aquaterias.like-themes.com/product-tag/pack/feed/index.html]
[aquaterias.like-themes.com/my-account/lost-password/index.html]
[aquaterias.like-themes.com/product-tag/pack/indexe99e.html]
[aquaterias.like-themes.com/product-tag/pack/index455b.html]
[aquaterias.like-themes.com/product-tag/soda/feed/index.html]
[aquaterias.like-themes.com/indexc7e3.html]
[aquaterias.like-themes.com/product-tag/soda/indexc45b.html]
[aquaterias.like-themes.com/product-tag/water/feed/index.html]
[aquaterias.like-themes.com/wp-json/oembed/1.0/embed8eef.json]
[aquaterias.like-themes.com/product-tag/water/index8811.html]
[aquaterias.like-themes.com/product-tag/water/indexc45b.html]
[aquaterias.like-themes.com/wp-json/oembed/1.0/embedcae7]
[aquaterias.like-themes.com/how-much-water-should-we-drink/index.html]
[aquaterias.like-themes.com/product-tag/water/indexe99e.html]
[aquaterias.like-themes.com/product-tag/water/index9017.html]
[aquaterias.like-themes.com/how-much-water-should-we-drink/feed/index.html]
[aquaterias.like-themes.com/fast-facts-on-drinking-water/feed/index.html]
[aquaterias.like-themes.com/wp-json/oembed/1.0/embedfb93.json]
[aquaterias.like-themes.com/wp-json/oembed/1.0/embeddb57]
[aquaterias.like-themes.com/fast-facts-on-drinking-water/index.html]
[aquaterias.like-themes.com/wp-json/oembed/1.0/embed94c2.json]
[aquaterias.like-themes.com/carbonated-sparkling-water-good-or-bad/feed/index.html]
[aquaterias.like-themes.com/wp-json/oembed/1.0/embedad30]
[aquaterias.like-themes.com/carbonated-sparkling-water-good-or-bad/index.html]
[aquaterias.like-themes.com/wp-json/oembed/1.0/embedf093.json]
[aquaterias.like-themes.com/how-drinking-more-water-can-help-you-lose-weight/feed/index.html]
[aquaterias.like-themes.com/wp-json/oembed/1.0/embedc823]
[aquaterias.like-themes.com/how-drinking-more-water-can-help-you-lose-weight/index.html]
[aquaterias.like-themes.com/wp-json/oembed/1.0/embed0c27.json]
[aquaterias.like-themes.com/how-many-bathrooms-are-in-your-home/feed/index.html]
[aquaterias.like-themes.com/wp-json/oembed/1.0/embedb1ff]
[aquaterias.like-themes.com/how-many-bathrooms-are-in-your-home/index.html]
[aquaterias.like-themes.com/did-you-know-water-covers-71-of-the-earth/feed/index.html]
[aquaterias.like-themes.com/wp-json/oembed/1.0/embede621.json]
[aquaterias.like-themes.com/wp-json/oembed/1.0/embeda3f3]
[aquaterias.like-themes.com/did-you-know-water-covers-71-of-the-earth/index.html]
[aquaterias.like-themes.com/wp-json/oembed/1.0/embeddc15.json]
[aquaterias.like-themes.com/effects-on-other-organs/feed/index.html]
[aquaterias.like-themes.com/wp-json/oembed/1.0/embed3cb8]
[aquaterias.like-themes.com/effects-on-other-organs/index.html]
[aquaterias.like-themes.com/category/delivery/index.html]
[aquaterias.like-themes.com/category/health/index.html]
[aquaterias.like-themes.com/category/delivery/feed/index.html]
[aquaterias.like-themes.com/category/water/index.html]
[aquaterias.like-themes.com/tag/health/index.html]
[aquaterias.like-themes.com/2017/09/index.html]
[aquaterias.like-themes.com/category/health/feed/index.html]
[aquaterias.like-themes.com/2017/08/index.html]
[aquaterias.like-themes.com/category/water/feed/index.html]
[aquaterias.like-themes.com/index3965.html]
[aquaterias.like-themes.com/2017/index.html]
[aquaterias.like-themes.com/2017/09/01/index.html]
[aquaterias.like-themes.com/indexdd23.html]
[aquaterias.like-themes.com/2017/09/13/index.html]
[aquaterias.like-themes.com/2017/08/28/index.html]
[aquaterias.like-themes.com/index5c90.html]
[aquaterias.like-themes.com/2017/08/29/index.html]
[aquaterias.like-themes.com/wp-json/oembed/1.0/embed4199.json]
[aquaterias.like-themes.com/2017/09/25/index.html]
[aquaterias.like-themes.com/wp-json/oembed/1.0/embedac46]
[aquaterias.like-themes.com/wp-content/uploads/2017/09/blog01.jpg]
[aquaterias.like-themes.com/2017/08/31/index.html]
[aquaterias.like-themes.com/wp-content/uploads/2017/09/blog01-755x500.jpg]
[aquaterias.like-themes.com/gallery/index.html]
[aquaterias.like-themes.com/wp-content/uploads/2017/09/blog12.jpg]
[aquaterias.like-themes.com/wp-content/uploads/2017/09/blog12-755x500.jpg]
[aquaterias.like-themes.com/wp-content/uploads/2017/09/blog13.jpg]
[aquaterias.like-themes.com/wp-content/uploads/2017/09/blog15.jpg]
[aquaterias.like-themes.com/wp-content/uploads/2017/09/blog03.jpg]
[aquaterias.like-themes.com/wp-content/uploads/2017/09/blog10.jpg]
[aquaterias.like-themes.com/wp-content/uploads/2017/09/blog10-755x500.jpg]
[aquaterias.like-themes.com/wp-content/uploads/2017/09/blog06.jpg]
[aquaterias.like-themes.com/wp-content/uploads/2017/09/blog06-755x500.jpg]
[aquaterias.like-themes.com/wp-content/uploads/2017/09/blog09.jpg]
[aquaterias.like-themes.com/wp-content/uploads/2017/09/blog09-755x500.jpg]
[aquaterias.like-themes.com/wp-content/uploads/2017/09/blog08.jpg]
[aquaterias.like-themes.com/wp-content/uploads/2017/09/blog07.jpg]
[aquaterias.like-themes.com/wp-content/uploads/2017/09/blog14.jpg]
[aquaterias.like-themes.com/wp-content/uploads/2017/09/blog14-755x500.jpg]
[aquaterias.like-themes.com/wp-content/uploads/2017/09/blog05.jpg]
[aquaterias.like-themes.com/wp-content/uploads/2017/09/blog05-755x500.jpg]
[aquaterias.like-themes.com/wp-content/uploads/2017/09/blog11.jpg]
[aquaterias.like-themes.com/wp-content/uploads/2017/09/blog04.jpg]
[aquaterias.like-themes.com/wp-content/uploads/2017/09/blog04-755x500.jpg]
[aquaterias.like-themes.com/wp-content/uploads/2017/09/blog02.jpg]
[aquaterias.like-themes.com/wp-content/uploads/2017/09/blog02-755x500.jpg]
[aquaterias.like-themes.com/gallery/whats-in-your-water/index.html]
[aquaterias.like-themes.com/wp-json/oembed/1.0/embed9ee1.json]
[aquaterias.like-themes.com/wp-json/oembed/1.0/embeda516]
[aquaterias.like-themes.com/gallery/how-many-bathrooms-are-in-your-home/index.html]
[aquaterias.like-themes.com/wp-json/oembed/1.0/embed48b2.json]
[aquaterias.like-themes.com/wp-json/oembed/1.0/embed7f7e]
[aquaterias.like-themes.com/gallery/how-drinking-more-water-can-help-you-lose-weight/index.html]
[aquaterias.like-themes.com/wp-json/oembed/1.0/embeddeb0.json]
[aquaterias.like-themes.com/wp-json/oembed/1.0/embed8cfa]
[aquaterias.like-themes.com/gallery/carbonated-sparkling-water-good-or-bad/index.html]
[aquaterias.like-themes.com/wp-json/oembed/1.0/embedf901.json]
[aquaterias.like-themes.com/wp-json/oembed/1.0/embed99d6]
[aquaterias.like-themes.com/gallery/fast-facts-on-drinking-water/index.html]
[aquaterias.like-themes.com/wp-json/oembed/1.0/embed46af.json]
[aquaterias.like-themes.com/gallery/how-much-water-should-we-drink/index.html]
[aquaterias.like-themes.com/wp-json/oembed/1.0/embed8f88]
[aquaterias.like-themes.com/wp-json/oembed/1.0/embed6f20.json]
[aquaterias.like-themes.com/wp-json/oembed/1.0/embedb705]
[aquaterias.like-themes.com/gallery/why-do-we-need-to-drink-water/index.html]
[aquaterias.like-themes.com/index4837.html]
[aquaterias.like-themes.com/indexba52.html]
[aquaterias.like-themes.com/index970c.html]
[aquaterias.like-themes.com/wp-content/uploads/2017/05/contact-bg2f2c.html]
[aquaterias.like-themes.com/wp-content/cache/autoptimize/css/autoptimize_e9513f5c84036818874f6fd9c37345be.css]
[aquaterias.like-themes.com/indexa351.html]
[aquaterias.like-themes.com/index475a.html]
[aquaterias.like-themes.com/wp-content/uploads/2017/08/blog6-1024x719.html]
[aquaterias.like-themes.com/index4f61.html]
[aquaterias.like-themes.com/indexbdc9.html]
[aquaterias.like-themes.com/index5b8d.html]
[aquaterias.like-themes.com/wp-content/cache/autoptimize/css/autoptimize_824ef9a101f51aa626e7b2600974ef4c.css]
[aquaterias.like-themes.com/index4cfb.html]
[aquaterias.like-themes.com/indexf993.html]
[aquaterias.like-themes.com/wp-content/plugins/js_composer/assets/lib/bower/font-awesome/fonts/fontawesome-webfont3e6e.eot]
[aquaterias.like-themes.com/wp-content/cache/autoptimize/css/autoptimize_63b6159427d9e9d59c837e86645c25a5.css]
[aquaterias.like-themes.com/index16bc.html]
[aquaterias.like-themes.com/index7414.html]
[aquaterias.like-themes.com/index03c9.html]
[aquaterias.like-themes.com/wp-content/cache/autoptimize/css/autoptimize_906966f3d3da7c8f118f3ebd98f44c64.css]
[aquaterias.like-themes.com/index9cd7.html]
[aquaterias.like-themes.com/wp-content/cache/autoptimize/css/autoptimize_fb404ea20ff43837705f90cb0c965a47.css]
[aquaterias.like-themes.com/index8631.html]
[aquaterias.like-themes.com/indexa215.html]
[aquaterias.like-themes.com/indexc292.html]
[aquaterias.like-themes.com/tag/drink/index.html]
[aquaterias.like-themes.com/wp-json/tribe/events/v1/events/indexbd78.html]
[aquaterias.like-themes.com/tag/facts/index.html]
[aquaterias.like-themes.com/tag/drink/feed/index.html]
[aquaterias.like-themes.com/tag/facts/feed/index.html]
[aquaterias.like-themes.com/tag/help/index.html]
[aquaterias.like-themes.com/wp-json/tribe/events/v1/events/index36c5.html]
[aquaterias.like-themes.com/tag/soda/index.html]
[aquaterias.like-themes.com/tag/help/feed/index.html]
[aquaterias.like-themes.com/wp-json/tribe/events/v1/events/indexc5d2.html]
[aquaterias.like-themes.com/tag/soda/feed/index.html]
[aquaterias.like-themes.com/tag/water/index.html]
[aquaterias.like-themes.com/wp-json/tribe/events/v1/events/index055a.html]
[aquaterias.like-themes.com/tag/weight/index.html]
[aquaterias.like-themes.com/tag/water/feed/index.html]
[aquaterias.like-themes.com/wp-json/tribe/events/v1/events/index2793.html]
[aquaterias.like-themes.com/tag/weight/feed/index.html]
[aquaterias.like-themes.com/index8dfb.html]
[aquaterias.like-themes.com/indexebe4.html]
[aquaterias.like-themes.com/wp-json/tribe/events/v1/events/indexe501.html]
[aquaterias.like-themes.com/wp-content/plugins/woocommerce/assets/css/photoswipe/default-skin/default-skin.png]
[aquaterias.like-themes.com/wp-content/cache/autoptimize/css/autoptimize_9e1728c2bbe0fc1cf22f50babbf4a083.css]
[aquaterias.like-themes.com/index28f2.html]
[aquaterias.like-themes.com/product/water-set/indexf51e.html]
[aquaterias.like-themes.com/product/water-set/index8811.html]
[aquaterias.like-themes.com/product/water-set/index455b.html]
[aquaterias.like-themes.com/product/water-set/index9017.html]
[aquaterias.like-themes.com/indexcdeb.html]
[aquaterias.like-themes.com/product/lemonmineral/index8811.html]
[aquaterias.like-themes.com/product/water-set/index5414.html]
[aquaterias.like-themes.com/product/water-set/indexe99e.html]
[aquaterias.like-themes.com/product/lemonmineral/index455b.html]
[aquaterias.like-themes.com/index2ac4.html]
[aquaterias.like-themes.com/product/american-black-coffee/indexc45b.html]
[aquaterias.like-themes.com/product/water-set/indexc45b.html]
[aquaterias.like-themes.com/product/american-black-coffee/indexf51e.html]
[aquaterias.like-themes.com/product/lemonmineral/index9017.html]
[aquaterias.like-themes.com/product/lemonmineral/indexc45b.html]
[aquaterias.like-themes.com/product/american-black-coffee/indexe99e.html]
[aquaterias.like-themes.com/indexc63a.html]
[aquaterias.like-themes.com/product/drop-of-water-mineral/index8811.html]
[aquaterias.like-themes.com/product/american-black-coffee/index9017.html]
[aquaterias.like-themes.com/product/drop-of-water-mineral/indexe99e.html]
[aquaterias.like-themes.com/product/drop-of-water-mineral/index9017.html]
[aquaterias.like-themes.com/product/american-black-coffee/index5414.html]
[aquaterias.like-themes.com/product/drop-of-water-mineral/indexc45b.html]
[aquaterias.like-themes.com/wp-content/cache/autoptimize/css/autoptimize_309f7e3d98e07094627d037e686b4d5f.css]
[aquaterias.like-themes.com/index8bf8.html]
[aquaterias.like-themes.com/wp-content/cache/autoptimize/css/autoptimize_11cfc3f5c0d4b024b30c05c166009266.css]
[aquaterias.like-themes.com/indexeeae.html]
[aquaterias.like-themes.com/wp-content/cache/autoptimize/css/autoptimize_330b92ab72d0d14aa640fe052d511051.css]
[aquaterias.like-themes.com/indexca39.html]
[aquaterias.like-themes.com/product/drop-of-water-mineral/index5414.html]
[aquaterias.like-themes.com/wp-content/cache/autoptimize/css/autoptimize_d3f5618d0acf930c00e169e24b4cb97d.css]
[aquaterias.like-themes.com/index01a6.html]
[aquaterias.like-themes.com/wp-content/cache/autoptimize/css/autoptimize_d8d7b1568d74713bede5a54d578dc109.css]
[aquaterias.like-themes.com/indexa8b6.html]
[aquaterias.like-themes.com/wp-content/cache/autoptimize/css/autoptimize_7d54d73d91e1a1d2dd6e4f259030ae83.css]
[aquaterias.like-themes.com/index1991.html]
[aquaterias.like-themes.com/wp-content/cache/autoptimize/css/autoptimize_9b02a6bad0aa6e93bc215ce602720310.css]
[aquaterias.like-themes.com/indexaaa5.html]
[aquaterias.like-themes.com/index83ee.html]
[aquaterias.like-themes.com/product/bottled-lemon-water/index5414.html]
[aquaterias.like-themes.com/product/bottled-lemon-water/indexc45b.html]
[aquaterias.like-themes.com/index1800.html]
[aquaterias.like-themes.com/product/bottled-sparkling-water/indexf51e.html]
[aquaterias.like-themes.com/product/bottled-lemon-water/index9017.html]
[aquaterias.like-themes.com/product/bottled-sparkling-water/index8811.html]
[aquaterias.like-themes.com/product/bottled-lemon-water/index455b.html]
[aquaterias.like-themes.com/index7e89.html]
[aquaterias.like-themes.com/product/bottled-water/index5414.html]
[aquaterias.like-themes.com/product/bottled-sparkling-water/indexe99e.html]
[aquaterias.like-themes.com/product/bottled-water/indexf51e.html]
[aquaterias.like-themes.com/index87ad.html]
[aquaterias.like-themes.com/product/sea-breeze/index455b.html]
[aquaterias.like-themes.com/product/bottled-sparkling-water/index9017.html]
[aquaterias.like-themes.com/product/bottled-sparkling-water/index5414.html]
[aquaterias.like-themes.com/product/sea-breeze/index8811.html]
[aquaterias.like-themes.com/product/bottled-water/indexc45b.html]
[aquaterias.like-themes.com/product/sea-breeze/indexe99e.html]
[aquaterias.like-themes.com/product-category/water/index8811.html]
[aquaterias.like-themes.com/product-category/water/indexc45b.html]
[aquaterias.like-themes.com/product-category/water/indexe99e.html]
[aquaterias.like-themes.com/product-category/water/indexf51e.html]
[aquaterias.like-themes.com/product-category/water/index5414.html]
[aquaterias.like-themes.com/product-category/water/index9017.html]
[aquaterias.like-themes.com/product-category/water/index455b.html]
[aquaterias.like-themes.com/product-tag/lemon/index8811.html]
[aquaterias.like-themes.com/product-tag/lemon/index5414.html]
[aquaterias.like-themes.com/product-tag/mineral/index5414.html]
[aquaterias.like-themes.com/product-tag/pack/indexe99e.html]
[aquaterias.like-themes.com/product-tag/pack/index455b.html]
[aquaterias.like-themes.com/product-tag/soda/indexc45b.html]
[aquaterias.like-themes.com/product-tag/water/index8811.html]
[aquaterias.like-themes.com/product-tag/water/indexc45b.html]
[aquaterias.like-themes.com/product-tag/water/indexe99e.html]
[aquaterias.like-themes.com/product-tag/water/index9017.html]
[aquaterias.like-themes.com/index37c7.html]
[aquaterias.like-themes.com/indexe96d.html]
[aquaterias.like-themes.com/indexc648.html]
[aquaterias.like-themes.com/index4978.html]
[aquaterias.like-themes.com/index5c87.html]
[aquaterias.like-themes.com/index20de.html]
[aquaterias.like-themes.com/indexf23b.html]
[aquaterias.like-themes.com/tag/health/index.html]
[aquaterias.like-themes.com/product/sea-breeze/index5414.html]
[aquaterias.like-themes.com/product/sea-breeze/indexf51e.html]
[aquaterias.like-themes.com/2017/index.html]
[aquaterias.like-themes.com/product/sea-breeze/indexc45b.html]
[aquaterias.like-themes.com/2017/09/01/index.html]
[aquaterias.like-themes.com/2017/09/13/index.html]
[aquaterias.like-themes.com/2017/09/25/index.html]
[aquaterias.like-themes.com/2017/08/28/index.html]
[aquaterias.like-themes.com/2017/08/29/index.html]
[aquaterias.like-themes.com/2017/08/31/index.html]
[aquaterias.like-themes.com/index9a07.html]
[aquaterias.like-themes.com/gallery/index.html]
[aquaterias.like-themes.com/indexbeb4.html]
[aquaterias.like-themes.com/indexb50a.html]
[aquaterias.like-themes.com/index4e8a.html]
[aquaterias.like-themes.com/index8fa2.html]
[aquaterias.like-themes.com/index74d1.html]
[aquaterias.like-themes.com/indexddd7.html]
[aquaterias.like-themes.com/product/water-set/index9017.html]
[aquaterias.like-themes.com/tag/health/feed/index.html]
[aquaterias.like-themes.com/wp-json/tribe/events/v1/events/index7029.html]
[aquaterias.like-themes.com/product/water-set/index5414.html]
[aquaterias.like-themes.com/product/water-set/indexe99e.html]
[aquaterias.like-themes.com/product/water-set/indexc45b.html]
[aquaterias.like-themes.com/product/lemonmineral/index9017.html]
[aquaterias.like-themes.com/product/lemonmineral/indexc45b.html]
[aquaterias.like-themes.com/product/american-black-coffee/index9017.html]
[aquaterias.like-themes.com/gallery/feed/index.html]
[aquaterias.like-themes.com/product/american-black-coffee/index5414.html]
[aquaterias.like-themes.com/product/drop-of-water-mineral/index9017.html]
[aquaterias.like-themes.com/product/drop-of-water-mineral/indexc45b.html]
[aquaterias.like-themes.com/product/lemonmineral/indexe99e.html]
[aquaterias.like-themes.com/product/drop-of-water-mineral/index5414.html]
[aquaterias.like-themes.com/product/bottled-lemon-water/index9017.html]
[aquaterias.like-themes.com/product/american-black-coffee/index8811.html]
[aquaterias.like-themes.com/product/bottled-lemon-water/index455b.html]
[aquaterias.like-themes.com/product/bottled-sparkling-water/index5414.html]
[aquaterias.like-themes.com/product/bottled-sparkling-water/indexe99e.html]
[aquaterias.like-themes.com/product/drop-of-water-mineral/index455b.html]
[aquaterias.like-themes.com/product/bottled-sparkling-water/index9017.html]
[aquaterias.like-themes.com/product/bottled-water/indexc45b.html]
[aquaterias.like-themes.com/product/bottled-lemon-water/indexe99e.html]
[aquaterias.like-themes.com/product/sea-breeze/index5414.html]
[aquaterias.like-themes.com/product/sea-breeze/indexc45b.html]
[aquaterias.like-themes.com/product/sea-breeze/indexf51e.html]
[aquaterias.like-themes.com/product/lemonmineral/indexe99e.html]
[aquaterias.like-themes.com/product/bottled-lemon-water/indexf51e.html]
[aquaterias.like-themes.com/product/american-black-coffee/index8811.html]
[aquaterias.like-themes.com/product/drop-of-water-mineral/index455b.html]
[aquaterias.like-themes.com/product/bottled-lemon-water/indexf51e.html]
[aquaterias.like-themes.com/product/bottled-lemon-water/indexe99e.html]
[aquaterias.like-themes.com/product/bottled-sparkling-water/index455b.html]
[aquaterias.like-themes.com/product/bottled-sparkling-water/index455b.html]
[aquaterias.like-themes.com/product/bottled-water/index8811.html]
[aquaterias.like-themes.com/product/bottled-water/index8811.html]
[aquaterias.like-themes.com/product/lemonmineral/indexf51e.html]
[aquaterias.like-themes.com/product/lemonmineral/indexf51e.html]
[aquaterias.like-themes.com/product/bottled-water/index9017.html]
[aquaterias.like-themes.com/product/bottled-water/index9017.html]
[aquaterias.like-themes.com/product/bottled-water/index455b.html]
[aquaterias.like-themes.com/product/bottled-water/index455b.html]
